I'm sorry, but errors were detected in your script. Please correct the
errors listed below, and try again.


File "game/script.rpy", line 15: expected statement.
    dafault persistent.ending5 = False
                      ^

File "game/script.rpy", line 16: expected statement.
    dafault persistent.ending6 = False
                      ^

Ren'Py Version: Ren'Py 8.5.2.26010301
Sat Mar 21 03:28:26 2026
